// Jest Snapshot v1, https://goo.gl/fbAQLP

exports[`CardReaction snapshot should render correctly 1`] = `
<DocumentFragment>
  <div>
    loading
  </div>
</DocumentFragment>
`;
