// Jest Snapshot v1, https://goo.gl/fbAQLP

exports[`Sync card should render correctly 1`] = `
<DocumentFragment>
  <div
    class="sync"
  >
    <p>
      :((
    </p>
    <p>
      seems a bit empty here
    </p>
    <button>
      sync
    </button>
  </div>
</DocumentFragment>
`;
